QWERTYUIOPasdfghjkl;ZXCVBNM,.123456789